Status: 200
Body: {"next":"/thanks","ok":true}
